
> lotus-rfq-service@0.1.0 build
> tsc -p tsconfig.json

src/api/server.ts(23,24): error TS2307: Cannot find module '@fastify/jwt' or its corresponding type declarations.
src/api/user-auth-middleware.ts(16,27): error TS2339: Property 'jwtVerify' does not exist on type 'FastifyRequest<RouteGenericInterface, RawServerDefault, IncomingMessage, FastifySchema, FastifyTypeProviderDefault, unknown, FastifyBaseLogger, ResolveFastifyRequestType<...>>'.
src/core/ranking/quote-ranking.ts(73,60): error TS2379: Argument of type '{ effectivePrice: number; profile: LPReliabilityProfile | undefined; weights: Partial<ReliabilityWeights> | undefined; }' is not assignable to parameter of type 'ReliabilityScoreInput' with 'exactOptionalPropertyTypes: true'. Consider adding 'undefined' to the types of the target's properties.
  Types of property 'profile' are incompatible.
    Type 'LPReliabilityProfile | undefined' is not assignable to type 'LPReliabilityProfile'.
      Type 'undefined' is not assignable to type 'LPReliabilityProfile'.
src/index.ts(52,3): error TS2322: Type '(dependencies: ServerDependencies) => Promise<FastifyInstance>' is not assignable to type '(deps: { logger: Logger; redisClient: RedisClient; pgPool: Pool; db: AppDb; canonicalServiceBaseUrl: string; }) => Promise<FastifyInstance<RawServerDefault, IncomingMessage, ServerResponse<...>, FastifyBaseLogger, FastifyTypeProviderDefault>>'.
  Types of parameters 'dependencies' and 'deps' are incompatible.
    Property 'jwtSecret' is missing in type '{ logger: Logger; redisClient: RedisClient; pgPool: Pool; db: AppDb; canonicalServiceBaseUrl: string; }' but required in type 'ServerDependencies'.
tests/health.test.ts(55,35): error TS2345: Argument of type '{ logger: Logger; redisClient: RedisClient; pgPool: Pool; db: AppDb; canonicalServiceBaseUrl: string; }' is not assignable to parameter of type 'ServerDependencies'.
  Property 'jwtSecret' is missing in type '{ logger: Logger; redisClient: RedisClient; pgPool: Pool; db: AppDb; canonicalServiceBaseUrl: string; }' but required in type 'ServerDependencies'.
tests/health.test.ts(104,35): error TS2345: Argument of type '{ logger: Logger; redisClient: RedisClient; pgPool: Pool; db: AppDb; canonicalServiceBaseUrl: string; }' is not assignable to parameter of type 'ServerDependencies'.
  Property 'jwtSecret' is missing in type '{ logger: Logger; redisClient: RedisClient; pgPool: Pool; db: AppDb; canonicalServiceBaseUrl: string; }' but required in type 'ServerDependencies'.
tests/health.test.ts(135,7): error TS2322: Type '() => { NODE_ENV: "test"; HOST: string; PORT: number; LOG_LEVEL: "info"; REDIS_URL: string; CANONICAL_SERVICE_BASE_URL: string; DATABASE_URL: string; }' is not assignable to type '() => Readonly<{ NODE_ENV: "development" | "test" | "production"; HOST: string; PORT: number; LOG_LEVEL: "fatal" | "error" | "warn" | "info" | "debug" | "trace" | "silent"; REDIS_URL: string; CANONICAL_SERVICE_BASE_URL: string; JWT_SECRET: string; DATABASE_URL?: string | undefined; SUPABASE_DB_URL?: string | undefin...'.
  Property 'JWT_SECRET' is missing in type '{ NODE_ENV: "test"; HOST: string; PORT: number; LOG_LEVEL: "info"; REDIS_URL: string; CANONICAL_SERVICE_BASE_URL: string; DATABASE_URL: string; }' but required in type 'Readonly<{ NODE_ENV: "development" | "test" | "production"; HOST: string; PORT: number; LOG_LEVEL: "fatal" | "error" | "warn" | "info" | "debug" | "trace" | "silent"; REDIS_URL: string; CANONICAL_SERVICE_BASE_URL: string; JWT_SECRET: string; DATABASE_URL?: string | undefined; SUPABASE_DB_URL?: string | undefined; } ...'.
tests/health.test.ts(201,7): error TS2322: Type '() => { NODE_ENV: "test"; HOST: string; PORT: number; LOG_LEVEL: "info"; REDIS_URL: string; CANONICAL_SERVICE_BASE_URL: string; DATABASE_URL: string; }' is not assignable to type '() => Readonly<{ NODE_ENV: "development" | "test" | "production"; HOST: string; PORT: number; LOG_LEVEL: "fatal" | "error" | "warn" | "info" | "debug" | "trace" | "silent"; REDIS_URL: string; CANONICAL_SERVICE_BASE_URL: string; JWT_SECRET: string; DATABASE_URL?: string | undefined; SUPABASE_DB_URL?: string | undefin...'.
  Property 'JWT_SECRET' is missing in type '{ NODE_ENV: "test"; HOST: string; PORT: number; LOG_LEVEL: "info"; REDIS_URL: string; CANONICAL_SERVICE_BASE_URL: string; DATABASE_URL: string; }' but required in type 'Readonly<{ NODE_ENV: "development" | "test" | "production"; HOST: string; PORT: number; LOG_LEVEL: "fatal" | "error" | "warn" | "info" | "debug" | "trace" | "silent"; REDIS_URL: string; CANONICAL_SERVICE_BASE_URL: string; JWT_SECRET: string; DATABASE_URL?: string | undefined; SUPABASE_DB_URL?: string | undefined; } ...'.
tests/rfq-route.test.ts(10,11): error TS2554: Expected 3 arguments, but got 2.
tests/rfq-route.test.ts(35,11): error TS2554: Expected 3 arguments, but got 2.
tests/rfq-route.test.ts(61,11): error TS2554: Expected 3 arguments, but got 2.
tests/rfq-route.test.ts(86,11): error TS2554: Expected 3 arguments, but got 2.
