src/core/internal-engine/order-book.ts(110,54): error TS2345: Argument of type 'string | undefined' is not assignable to parameter of type 'string'.
  Type 'undefined' is not assignable to type 'string'.
src/core/internal-engine/risk-utils.ts(4,9): error TS2339: Property 'set' does not exist on type 'IDecimalStatic'.
src/core/internal-engine/risk-utils.ts(33,32): error TS2339: Property 'mul' does not exist on type 'Decimal'.
src/core/internal-engine/risk-utils.ts(34,29): error TS2339: Property 'sub' does not exist on type 'Decimal'.
src/core/internal-engine/risk-utils.ts(42,29): error TS2339: Property 'sub' does not exist on type 'Decimal'.
src/core/internal-engine/risk-utils.ts(43,32): error TS2339: Property 'mul' does not exist on type 'Decimal'.
test/unit/sor.plan-composer.test.ts(113,33): error TS2554: Expected 5 arguments, but got 4.
test/unit/sor.plan-composer.test.ts(141,33): error TS2554: Expected 5 arguments, but got 4.
test/unit/sor.plan-composer.test.ts(157,27): error TS2554: Expected 5 arguments, but got 4.
tests/health.test.ts(18,9): error TS2739: Type '{ connect: () => Promise<undefined>; quit: () => Promise<string>; duplicate: () => RedisClient; publish: () => Promise<number>; subscribe: () => Promise<number>; ... 13 more ...; off: { ...; }; }' is missing the following properties from type 'RedisClient': zrem, zrangebyscore, hset, hget, hdel
tests/rfq-ws-gateway.test.ts(9,7): error TS2420: Class 'FakeRedisClient' incorrectly implements interface 'RedisClient'.
  Type 'FakeRedisClient' is missing the following properties from type 'RedisClient': zrem, zrangebyscore, hset, hget, hdel
tests/rfq-ws-gateway.test.ts(26,5): error TS2739: Type 'FakeRedisClient' is missing the following properties from type 'RedisClient': zrem, zrangebyscore, hset, hget, hdel
tests/rfq-ws-gateway.test.ts(69,5): error TS2322: Type 'this' is not assignable to type 'RedisClient'.
  Type 'FakeRedisClient' is missing the following properties from type 'RedisClient': zrem, zrangebyscore, hset, hget, hdel
tests/rfq-ws-gateway.test.ts(82,5): error TS2322: Type 'this' is not assignable to type 'RedisClient'.
  Type 'FakeRedisClient' is missing the following properties from type 'RedisClient': zrem, zrangebyscore, hset, hget, hdel
tests/rfq-ws-gateway.test.ts(187,7): error TS2739: Type 'FakeRedisClient' is missing the following properties from type 'RedisClient': zrem, zrangebyscore, hset, hget, hdel
tests/rfq-ws-gateway.test.ts(188,7): error TS2739: Type 'FakeRedisClient' is missing the following properties from type 'RedisClient': zrem, zrangebyscore, hset, hget, hdel
tests/rfq-ws-gateway.test.ts(216,7): error TS2739: Type 'FakeRedisClient' is missing the following properties from type 'RedisClient': zrem, zrangebyscore, hset, hget, hdel
tests/rfq-ws-gateway.test.ts(217,7): error TS2739: Type 'FakeRedisClient' is missing the following properties from type 'RedisClient': zrem, zrangebyscore, hset, hget, hdel
